// Jest Snapshot v1, https://goo.gl/fbAQLP

exports[`Cleaning pipe shodl clean the user logs correctly 1`] = `
Array [
  Array [
    Object {
      "count": 3,
      "referrerTypeName": "Search Engines",
      "type": "visit_content",
    },
    Object {
      "count": 1,
      "referrerTypeName": "Search Engines",
      "type": "outils",
    },
  ],
  Array [
    Object {
      "count": 1,
      "referrerTypeName": "Search Engines",
      "type": "visit_content",
    },
  ],
]
`;
