// Jest Snapshot v1, https://goo.gl/fbAQLP

exports[`Query reports should generate cache for each search query 1`] = `
Object {
  "cache": Map {
    0 => Object {
      "queries": Map {
        "paternite" => 0,
      },
      "results": Map {
        "/fiche-service-public/conge-de-paternite-et-daccueil-de-lenfant-dun-salarie-du-secteur-prive" => Object {
          "algo": "pre-qualified",
          "count": 0,
        },
        "/fiche-ministere-travail/le-conge-de-paternite-et-daccueil-de-lenfant#Quelle-est-la-duree-du-conge-de-paternite-et-d-accueil-de-l-enfant-nbsp" => Object {
          "algo": "pre-qualified",
          "count": 0,
        },
        "/fiche-ministere-travail/le-conge-de-paternite-et-daccueil-de-lenfant#Quelles-sont-les-formalites" => Object {
          "algo": "pre-qualified",
          "count": 0,
        },
        "/fiche-ministere-travail/le-conge-de-paternite-et-daccueil-de-lenfant#Quels-effets-sur-le-contrat-de-travail" => Object {
          "algo": "pre-qualified",
          "count": 0,
        },
        "/fiche-ministere-travail/le-conge-de-paternite-et-daccueil-de-lenfant#Demandeurs-d-emploi-stagiaires-de-la-formation-professionnelle-des-nbsp" => Object {
          "algo": "pre-qualified",
          "count": 0,
        },
        "/fiche-service-public/peut-on-enchainer-conge-de-naissance-et-conge-de-paternite-et-daccueil" => Object {
          "algo": "pre-qualified",
          "count": 0,
        },
        "/fiche-service-public/le-jeune-pere-salarie-beneficie-t-il-dune-protection-contre-le-licenciement" => Object {
          "algo": "pre-qualified",
          "count": 0,
        },
      },
    },
    1 => Object {
      "queries": Map {
        "conge maternite" => 0,
        "conge de maternite" => 0,
      },
      "results": Map {
        "/contribution/quelle-est-la-duree-du-conge-de-maternite" => Object {
          "algo": "pre-qualified",
          "count": 0,
        },
        "/contribution/quelles-sont-les-conditions-dindemnisation-pendant-le-conge-de-maternite" => Object {
          "algo": "pre-qualified",
          "count": 0,
        },
        "/fiche-service-public/conge-maternite-dune-salariee-du-secteur-prive" => Object {
          "algo": "pre-qualified",
          "count": 0,
        },
        "/fiche-ministere-travail/le-conge-de-maternite#Quelle-est-la-situation-a-l-issue-du-conge" => Object {
          "algo": "pre-qualified",
          "count": 0,
        },
        "/fiche-ministere-travail/le-conge-de-maternite#Quelle-est-la-duree-du-conge-de-maternite" => Object {
          "algo": "pre-qualified",
          "count": 0,
        },
        "/fiche-ministere-travail/le-conge-de-maternite#Quelles-sont-les-dispositions-specifiques" => Object {
          "algo": "pre-qualified",
          "count": 0,
        },
        "/fiche-service-public/une-salariee-enceinte-est-elle-obligee-de-reveler-sa-grossesse-a-son-employeur" => Object {
          "algo": "pre-qualified",
          "count": 0,
        },
        "/fiche-service-public/licenciement-dune-salariee-enceinte-ou-en-conge-de-maternite" => Object {
          "algo": "pre-qualified",
          "count": 0,
        },
        "/fiche-service-public/peut-on-demissionner-pendant-un-conge-maternite" => Object {
          "algo": "pre-qualified",
          "count": 0,
        },
        "/fiche-service-public/hospitalisation-du-nouveau-ne-quelles-consequences-sur-le-conge-de-maternite" => Object {
          "algo": "pre-qualified",
          "count": 0,
        },
        "/fiche-service-public/peut-on-beneficier-de-plusieurs-conges-parentaux-successifs" => Object {
          "algo": "pre-qualified",
          "count": 0,
        },
      },
    },
  },
  "queryMap": Map {
    "paternite" => 0,
    "conge maternite" => 1,
    "conge de maternite" => 1,
  },
}
`;

exports[`Query reports should keep counts for searches and selections in every visit 1`] = `
Array [
  Object {
    "mean": 3.5,
    "ndcg": 0.8838329034231467,
    "problems": Array [
      Object {
        "count": 3,
        "ndcg": 0.7967075809905066,
        "query": "paternite",
      },
    ],
    "reportId": 42,
    "reportType": "query-index",
  },
  Object {
    "dcg": 2.8927892607143724,
    "idcg": 3.6309297535714578,
    "ndcg": 0.7967075809905066,
    "queries": Array [
      Object {
        "count": 3,
        "query": "paternite",
      },
    ],
    "queriesCount": 3,
    "queryKey": 1733549731,
    "reportId": 42,
    "reportType": "query",
    "results": Array [
      Object {
        "algo": "pre-qualified",
        "count": 1,
        "result": "/fiche-service-public/conge-de-paternite-et-daccueil-de-lenfant-dun-salarie-du-secteur-prive",
      },
      Object {
        "algo": "pre-qualified",
        "count": 3,
        "result": "/fiche-ministere-travail/le-conge-de-paternite-et-daccueil-de-lenfant#Quelle-est-la-duree-du-conge-de-paternite-et-d-accueil-de-l-enfant-nbsp",
      },
      Object {
        "algo": "pre-qualified",
        "count": 0,
        "result": "/fiche-ministere-travail/le-conge-de-paternite-et-daccueil-de-lenfant#Quelles-sont-les-formalites",
      },
      Object {
        "algo": "pre-qualified",
        "count": 0,
        "result": "/fiche-ministere-travail/le-conge-de-paternite-et-daccueil-de-lenfant#Quels-effets-sur-le-contrat-de-travail",
      },
      Object {
        "algo": "pre-qualified",
        "count": 0,
        "result": "/fiche-ministere-travail/le-conge-de-paternite-et-daccueil-de-lenfant#Demandeurs-d-emploi-stagiaires-de-la-formation-professionnelle-des-nbsp",
      },
      Object {
        "algo": "pre-qualified",
        "count": 0,
        "result": "/fiche-service-public/peut-on-enchainer-conge-de-naissance-et-conge-de-paternite-et-daccueil",
      },
      Object {
        "algo": "pre-qualified",
        "count": 0,
        "result": "/fiche-service-public/le-jeune-pere-salarie-beneficie-t-il-dune-protection-contre-le-licenciement",
      },
    ],
    "selectionsCount": 4,
    "type": "pre-qualified",
  },
  Object {
    "dcg": 2.6309297535714578,
    "idcg": 2.6309297535714578,
    "ndcg": 1,
    "queries": Array [
      Object {
        "count": 1,
        "query": "conge maternite",
      },
      Object {
        "count": 2,
        "query": "conge de maternite",
      },
    ],
    "queriesCount": 3,
    "queryKey": 1175151884,
    "reportId": 42,
    "reportType": "query",
    "results": Array [
      Object {
        "algo": "pre-qualified",
        "count": 2,
        "result": "/contribution/quelle-est-la-duree-du-conge-de-maternite",
      },
      Object {
        "algo": "pre-qualified",
        "count": 1,
        "result": "/contribution/quelles-sont-les-conditions-dindemnisation-pendant-le-conge-de-maternite",
      },
      Object {
        "algo": "pre-qualified",
        "count": 0,
        "result": "/fiche-service-public/conge-maternite-dune-salariee-du-secteur-prive",
      },
      Object {
        "algo": "pre-qualified",
        "count": 0,
        "result": "/fiche-ministere-travail/le-conge-de-maternite#Quelle-est-la-situation-a-l-issue-du-conge",
      },
      Object {
        "algo": "pre-qualified",
        "count": 0,
        "result": "/fiche-ministere-travail/le-conge-de-maternite#Quelle-est-la-duree-du-conge-de-maternite",
      },
      Object {
        "algo": "pre-qualified",
        "count": 0,
        "result": "/fiche-ministere-travail/le-conge-de-maternite#Quelles-sont-les-dispositions-specifiques",
      },
      Object {
        "algo": "pre-qualified",
        "count": 0,
        "result": "/fiche-service-public/une-salariee-enceinte-est-elle-obligee-de-reveler-sa-grossesse-a-son-employeur",
      },
      Object {
        "algo": "pre-qualified",
        "count": 0,
        "result": "/fiche-service-public/licenciement-dune-salariee-enceinte-ou-en-conge-de-maternite",
      },
      Object {
        "algo": "pre-qualified",
        "count": 0,
        "result": "/fiche-service-public/peut-on-demissionner-pendant-un-conge-maternite",
      },
      Object {
        "algo": "pre-qualified",
        "count": 0,
        "result": "/fiche-service-public/hospitalisation-du-nouveau-ne-quelles-consequences-sur-le-conge-de-maternite",
      },
      Object {
        "algo": "pre-qualified",
        "count": 0,
        "result": "/fiche-service-public/peut-on-beneficier-de-plusieurs-conges-parentaux-successifs",
      },
    ],
    "selectionsCount": 3,
    "type": "pre-qualified",
  },
]
`;
