// Jest Snapshot v1, https://goo.gl/fbAQLP

exports[`Default analysis should match snapshots on actual data 1`] = `
Array [
  Map {
    "covisit" => 62,
    "popularity" => 20,
    "suggestion" => 321,
    "metrics" => 1,
    undefined => 1,
  },
  Array [
    Object {
      "content": "modeles-de-courriers/demande-de-paiement-de-salaire",
      "links": Array [
        Object {
          "count": 8,
          "link": "fiche-service-public/paiement-du-salaire",
        },
        Object {
          "count": 8,
          "link": "dossiers/ministere-du-travail-notre-dossier-sur-le-coronavirus",
        },
      ],
      "reportType": "covisit",
    },
    Object {
      "content": "fiche-service-public/paiement-du-salaire",
      "links": Array [
        Object {
          "count": 8,
          "link": "modeles-de-courriers/demande-de-paiement-de-salaire",
        },
      ],
      "reportType": "covisit",
    },
    Object {
      "content": "modeles-de-courriers/attestation-sur-lhonneur-arret-de-travail-pour-la-garde-denfant",
      "links": Array [
        Object {
          "count": 280,
          "link": "dossiers/ministere-du-travail-notre-dossier-sur-le-coronavirus",
        },
        Object {
          "count": 131,
          "link": "fiche-ministere-travail/garde-denfants-et-personnes-vulnerables",
        },
        Object {
          "count": 31,
          "link": "fiche-ministere-travail/activite-partielle-chomage-partiel",
        },
        Object {
          "count": 30,
          "link": "dossiers/ministere-du-travail-notre-dossier-sur-le-coronavirus/ce-que-changent-les-ordonnances-en-droit-du-travail",
        },
        Object {
          "count": 21,
          "link": "fiche-service-public/activite-partielle-demarches-de-lemployeur-chomage-partiel-ou-technique",
        },
        Object {
          "count": 20,
          "link": "fiche-ministere-travail/fiches-conseils-metiers-et-guides-pour-les-salaries-et-les-employeurs",
        },
      ],
      "reportType": "covisit",
    },
    Object {
      "content": "fiche-ministere-travail/garde-denfants-et-personnes-vulnerables",
      "links": Array [
        Object {
          "count": 131,
          "link": "modeles-de-courriers/attestation-sur-lhonneur-arret-de-travail-pour-la-garde-denfant",
        },
        Object {
          "count": 50,
          "link": "dossiers/ministere-du-travail-notre-dossier-sur-le-coronavirus",
        },
        Object {
          "count": 6,
          "link": "fiche-ministere-travail/fiches-conseils-metiers-et-guides-pour-les-salaries-et-les-employeurs",
        },
      ],
      "reportType": "covisit",
    },
    Object {
      "content": "dossiers/ministere-du-travail-notre-dossier-sur-le-coronavirus",
      "links": Array [
        Object {
          "count": 324,
          "link": "dossiers/ministere-du-travail-notre-dossier-sur-le-coronavirus/ce-que-changent-les-ordonnances-en-droit-du-travail",
        },
        Object {
          "count": 280,
          "link": "modeles-de-courriers/attestation-sur-lhonneur-arret-de-travail-pour-la-garde-denfant",
        },
        Object {
          "count": 233,
          "link": "fiche-ministere-travail/fiches-conseils-metiers-et-guides-pour-les-salaries-et-les-employeurs",
        },
        Object {
          "count": 218,
          "link": "fiche-ministere-travail/activite-partielle-chomage-partiel",
        },
        Object {
          "count": 188,
          "link": "fiche-ministere-travail/questions-reponses-par-theme",
        },
        Object {
          "count": 173,
          "link": "fiche-service-public/remuneration-dun-salarie-place-en-activite-partielle-chomage-partiel",
        },
      ],
      "reportType": "covisit",
    },
    Object {
      "content": "fiche-service-public/remuneration-dun-salarie-place-en-activite-partielle-chomage-partiel",
      "links": Array [
        Object {
          "count": 173,
          "link": "dossiers/ministere-du-travail-notre-dossier-sur-le-coronavirus",
        },
        Object {
          "count": 65,
          "link": "fiche-ministere-travail/activite-partielle-chomage-partiel",
        },
        Object {
          "count": 63,
          "link": "fiche-service-public/activite-partielle-demarches-de-lemployeur-chomage-partiel-ou-technique",
        },
        Object {
          "count": 33,
          "link": "fiche-service-public/secteur-prive-activite-partielle-du-salarie",
        },
        Object {
          "count": 25,
          "link": "dossiers/ministere-du-travail-notre-dossier-sur-le-coronavirus/ce-que-changent-les-ordonnances-en-droit-du-travail",
        },
        Object {
          "count": 20,
          "link": "modeles-de-courriers/attestation-sur-lhonneur-arret-de-travail-pour-la-garde-denfant",
        },
      ],
      "reportType": "covisit",
    },
    Object {
      "content": "fiche-ministere-travail/activite-partielle-chomage-partiel",
      "links": Array [
        Object {
          "count": 218,
          "link": "dossiers/ministere-du-travail-notre-dossier-sur-le-coronavirus",
        },
        Object {
          "count": 88,
          "link": "dossiers/ministere-du-travail-notre-dossier-sur-le-coronavirus/ce-que-changent-les-ordonnances-en-droit-du-travail",
        },
        Object {
          "count": 65,
          "link": "fiche-service-public/remuneration-dun-salarie-place-en-activite-partielle-chomage-partiel",
        },
        Object {
          "count": 47,
          "link": "fiche-service-public/activite-partielle-demarches-de-lemployeur-chomage-partiel-ou-technique",
        },
        Object {
          "count": 31,
          "link": "modeles-de-courriers/attestation-sur-lhonneur-arret-de-travail-pour-la-garde-denfant",
        },
        Object {
          "count": 27,
          "link": "fiche-ministere-travail/questions-reponses-par-theme",
        },
      ],
      "reportType": "covisit",
    },
    Object {
      "content": "fiche-ministere-travail/securite-et-sante-des-travailleurs-les-obligations-generales-de-lemployeur-et-sa-responsabilite",
      "links": Array [
        Object {
          "count": 19,
          "link": "dossiers/ministere-du-travail-notre-dossier-sur-le-coronavirus",
        },
        Object {
          "count": 5,
          "link": "dossiers/ministere-du-travail-notre-dossier-sur-le-coronavirus/ce-que-changent-les-ordonnances-en-droit-du-travail",
        },
      ],
      "reportType": "covisit",
    },
    Object {
      "content": "fiche-ministere-travail/fiches-conseils-metiers-et-guides-pour-les-salaries-et-les-employeurs",
      "links": Array [
        Object {
          "count": 233,
          "link": "dossiers/ministere-du-travail-notre-dossier-sur-le-coronavirus",
        },
        Object {
          "count": 35,
          "link": "fiche-ministere-travail/questions-reponses-par-theme",
        },
        Object {
          "count": 31,
          "link": "dossiers/ministere-du-travail-notre-dossier-sur-le-coronavirus/ce-que-changent-les-ordonnances-en-droit-du-travail",
        },
        Object {
          "count": 20,
          "link": "modeles-de-courriers/attestation-sur-lhonneur-arret-de-travail-pour-la-garde-denfant",
        },
        Object {
          "count": 18,
          "link": "fiche-ministere-travail/activite-partielle-chomage-partiel",
        },
        Object {
          "count": 13,
          "link": "fiche-service-public/activite-partielle-demarches-de-lemployeur-chomage-partiel-ou-technique",
        },
      ],
      "reportType": "covisit",
    },
    Object {
      "content": "fiche-ministere-travail/questions-reponses-par-theme",
      "links": Array [
        Object {
          "count": 188,
          "link": "dossiers/ministere-du-travail-notre-dossier-sur-le-coronavirus",
        },
        Object {
          "count": 54,
          "link": "dossiers/ministere-du-travail-notre-dossier-sur-le-coronavirus/ce-que-changent-les-ordonnances-en-droit-du-travail",
        },
        Object {
          "count": 35,
          "link": "fiche-ministere-travail/fiches-conseils-metiers-et-guides-pour-les-salaries-et-les-employeurs",
        },
        Object {
          "count": 27,
          "link": "fiche-ministere-travail/activite-partielle-chomage-partiel",
        },
        Object {
          "count": 18,
          "link": "modeles-de-courriers/attestation-sur-lhonneur-arret-de-travail-pour-la-garde-denfant",
        },
        Object {
          "count": 15,
          "link": "fiche-service-public/remuneration-dun-salarie-place-en-activite-partielle-chomage-partiel",
        },
      ],
      "reportType": "covisit",
    },
    Object {
      "content": "fiche-ministere-travail/coronavirus-questions-reponses-pour-les-entreprises-et-les-salaries",
      "links": Array [
        Object {
          "count": 14,
          "link": "dossiers/ministere-du-travail-notre-dossier-sur-le-coronavirus",
        },
        Object {
          "count": 7,
          "link": "modeles-de-courriers/attestation-sur-lhonneur-arret-de-travail-pour-la-garde-denfant",
        },
        Object {
          "count": 5,
          "link": "fiche-ministere-travail/questions-reponses-par-theme",
        },
      ],
      "reportType": "covisit",
    },
    Object {
      "content": "fiche-ministere-travail/coronavirus-covid-19-et-monde-du-travail#t2-Les-regles-de-distanciation-pour-les-emplois-non-eligibles-au-nbsp",
      "links": Array [
        Object {
          "count": 17,
          "link": "fiche-ministere-travail/coronavirus-covid-19-et-monde-du-travail#t1-Le-teletravail-est-la-regle-imperative-pour-tous-les-postes-qui-le-nbsp",
        },
        Object {
          "count": 6,
          "link": "dossiers/ministere-du-travail-notre-dossier-sur-le-coronavirus",
        },
        Object {
          "count": 5,
          "link": "fiche-service-public/teletravail-dans-le-secteur-prive",
        },
      ],
      "reportType": "covisit",
    },
    Object {
      "content": "fiche-ministere-travail/coronavirus-covid-19-et-monde-du-travail#t1-Le-teletravail-est-la-regle-imperative-pour-tous-les-postes-qui-le-nbsp",
      "links": Array [
        Object {
          "count": 31,
          "link": "dossiers/ministere-du-travail-notre-dossier-sur-le-coronavirus",
        },
        Object {
          "count": 22,
          "link": "fiche-service-public/teletravail-dans-le-secteur-prive",
        },
        Object {
          "count": 18,
          "link": "fiche-ministere-travail/coronavirus-covid-19-et-monde-du-travail#Pour-resumer",
        },
        Object {
          "count": 17,
          "link": "fiche-ministere-travail/coronavirus-covid-19-et-monde-du-travail#t2-Les-regles-de-distanciation-pour-les-emplois-non-eligibles-au-nbsp",
        },
        Object {
          "count": 14,
          "link": "fiche-ministere-travail/coronavirus-covid-19-et-monde-du-travail#t5-Les-solutions-pour-les-parents-d-enfants-de-moins-de-16-ans",
        },
        Object {
          "count": 7,
          "link": "dossiers/ministere-du-travail-notre-dossier-sur-le-coronavirus/ce-que-changent-les-ordonnances-en-droit-du-travail",
        },
      ],
      "reportType": "covisit",
    },
    Object {
      "content": "dossiers/ministere-du-travail-notre-dossier-sur-le-coronavirus/ce-que-changent-les-ordonnances-en-droit-du-travail",
      "links": Array [
        Object {
          "count": 324,
          "link": "dossiers/ministere-du-travail-notre-dossier-sur-le-coronavirus",
        },
        Object {
          "count": 88,
          "link": "fiche-ministere-travail/activite-partielle-chomage-partiel",
        },
        Object {
          "count": 54,
          "link": "fiche-ministere-travail/questions-reponses-par-theme",
        },
        Object {
          "count": 31,
          "link": "fiche-ministere-travail/fiches-conseils-metiers-et-guides-pour-les-salaries-et-les-employeurs",
        },
        Object {
          "count": 30,
          "link": "modeles-de-courriers/attestation-sur-lhonneur-arret-de-travail-pour-la-garde-denfant",
        },
        Object {
          "count": 25,
          "link": "fiche-service-public/remuneration-dun-salarie-place-en-activite-partielle-chomage-partiel",
        },
      ],
      "reportType": "covisit",
    },
    Object {
      "content": "fiche-service-public/activite-partielle-demarches-de-lemployeur-chomage-partiel-ou-technique",
      "links": Array [
        Object {
          "count": 146,
          "link": "dossiers/ministere-du-travail-notre-dossier-sur-le-coronavirus",
        },
        Object {
          "count": 63,
          "link": "fiche-service-public/remuneration-dun-salarie-place-en-activite-partielle-chomage-partiel",
        },
        Object {
          "count": 47,
          "link": "fiche-ministere-travail/activite-partielle-chomage-partiel",
        },
        Object {
          "count": 23,
          "link": "fiche-service-public/secteur-prive-activite-partielle-du-salarie",
        },
        Object {
          "count": 21,
          "link": "modeles-de-courriers/attestation-sur-lhonneur-arret-de-travail-pour-la-garde-denfant",
        },
        Object {
          "count": 20,
          "link": "dossiers/ministere-du-travail-notre-dossier-sur-le-coronavirus/ce-que-changent-les-ordonnances-en-droit-du-travail",
        },
      ],
      "reportType": "covisit",
    },
    Object {
      "content": "fiche-service-public/secteur-prive-activite-partielle-du-salarie",
      "links": Array [
        Object {
          "count": 33,
          "link": "fiche-service-public/remuneration-dun-salarie-place-en-activite-partielle-chomage-partiel",
        },
        Object {
          "count": 23,
          "link": "fiche-service-public/activite-partielle-demarches-de-lemployeur-chomage-partiel-ou-technique",
        },
        Object {
          "count": 17,
          "link": "fiche-ministere-travail/activite-partielle-chomage-partiel",
        },
        Object {
          "count": 15,
          "link": "dossiers/ministere-du-travail-notre-dossier-sur-le-coronavirus",
        },
      ],
      "reportType": "covisit",
    },
    Object {
      "content": "outils/indemnite-licenciement",
      "links": Array [
        Object {
          "count": 9,
          "link": "fiche-service-public/indemnite-de-licenciement-du-salarie-en-cdi",
        },
        Object {
          "count": 8,
          "link": "outils/preavis-demission",
        },
        Object {
          "count": 8,
          "link": "dossiers/ministere-du-travail-notre-dossier-sur-le-coronavirus",
        },
      ],
      "reportType": "covisit",
    },
    Object {
      "content": "fiche-service-public/indemnite-de-licenciement-du-salarie-en-cdi",
      "links": Array [
        Object {
          "count": 9,
          "link": "outils/indemnite-licenciement",
        },
      ],
      "reportType": "covisit",
    },
    Object {
      "content": "fiche-ministere-travail/les-creches-a-vocation-dinsertion-professionnelle-vip-en-quoi-cela-consiste#Comment-beneficier-de-ce-dispositif",
      "links": Array [
        Object {
          "count": 12,
          "link": "modeles-de-courriers/attestation-sur-lhonneur-arret-de-travail-pour-la-garde-denfant",
        },
      ],
      "reportType": "covisit",
    },
    Object {
      "content": "outils/simulateur-embauche",
      "links": Array [
        Object {
          "count": 7,
          "link": "dossiers/ministere-du-travail-notre-dossier-sur-le-coronavirus",
        },
      ],
      "reportType": "covisit",
    },
    Object {
      "content": "modeles-de-courriers/affichage-obligatoire-relatif-au-harcelement-sexuel",
      "links": Array [
        Object {
          "count": 6,
          "link": "dossiers/ministere-du-travail-notre-dossier-sur-le-coronavirus",
        },
      ],
      "reportType": "covisit",
    },
    Object {
      "content": "fiche-service-public/quelles-sont-les-obligations-daffichage-dans-une-entreprise",
      "links": Array [
        Object {
          "count": 44,
          "link": "dossiers/ministere-du-travail-notre-dossier-sur-le-coronavirus",
        },
        Object {
          "count": 11,
          "link": "fiche-ministere-travail/fiches-conseils-metiers-et-guides-pour-les-salaries-et-les-employeurs",
        },
      ],
      "reportType": "covisit",
    },
    Object {
      "content": "fiche-service-public/teletravail-dans-le-secteur-prive",
      "links": Array [
        Object {
          "count": 26,
          "link": "dossiers/ministere-du-travail-notre-dossier-sur-le-coronavirus",
        },
        Object {
          "count": 22,
          "link": "fiche-ministere-travail/coronavirus-covid-19-et-monde-du-travail#t1-Le-teletravail-est-la-regle-imperative-pour-tous-les-postes-qui-le-nbsp",
        },
        Object {
          "count": 6,
          "link": "dossiers/ministere-du-travail-notre-dossier-sur-le-coronavirus/ce-que-changent-les-ordonnances-en-droit-du-travail",
        },
        Object {
          "count": 6,
          "link": "fiche-ministere-travail/coronavirus-covid-19-et-monde-du-travail#Pour-resumer",
        },
        Object {
          "count": 6,
          "link": "fiche-ministere-travail/questions-reponses-par-theme",
        },
        Object {
          "count": 5,
          "link": "fiche-ministere-travail/coronavirus-covid-19-et-monde-du-travail#t2-Les-regles-de-distanciation-pour-les-emplois-non-eligibles-au-nbsp",
        },
      ],
      "reportType": "covisit",
    },
    Object {
      "content": "fiche-ministere-travail/fiche-activite-partielle-chomage-partiel",
      "links": Array [
        Object {
          "count": 25,
          "link": "fiche-ministere-travail/activite-partielle-chomage-partiel",
        },
        Object {
          "count": 16,
          "link": "dossiers/ministere-du-travail-notre-dossier-sur-le-coronavirus",
        },
        Object {
          "count": 11,
          "link": "fiche-service-public/activite-partielle-demarches-de-lemployeur-chomage-partiel-ou-technique",
        },
        Object {
          "count": 9,
          "link": "fiche-service-public/remuneration-dun-salarie-place-en-activite-partielle-chomage-partiel",
        },
      ],
      "reportType": "covisit",
    },
    Object {
      "content": "fiche-service-public/un-salarie-peut-il-travailler-pendant-un-arret-maladie",
      "links": Array [
        Object {
          "count": 11,
          "link": "fiche-service-public/un-salarie-peut-il-revenir-travailler-avant-la-fin-de-son-arret-maladie",
        },
        Object {
          "count": 5,
          "link": "fiche-service-public/un-salarie-en-arret-de-travail-peut-il-suivre-une-formation",
        },
      ],
      "reportType": "covisit",
    },
    Object {
      "content": "fiche-service-public/un-salarie-en-arret-de-travail-peut-il-suivre-une-formation",
      "links": Array [
        Object {
          "count": 5,
          "link": "fiche-service-public/un-salarie-peut-il-travailler-pendant-un-arret-maladie",
        },
      ],
      "reportType": "covisit",
    },
    Object {
      "content": "fiche-service-public/arret-maladie-indemnites-journalieres-versees-au-salarie",
      "links": Array [
        Object {
          "count": 27,
          "link": "dossiers/ministere-du-travail-notre-dossier-sur-le-coronavirus",
        },
        Object {
          "count": 9,
          "link": "dossiers/ministere-du-travail-notre-dossier-sur-le-coronavirus/ce-que-changent-les-ordonnances-en-droit-du-travail",
        },
        Object {
          "count": 5,
          "link": "fiche-ministere-travail/activite-partielle-chomage-partiel",
        },
        Object {
          "count": 5,
          "link": "fiche-service-public/arret-maladie-reprise-du-travail-du-salarie",
        },
      ],
      "reportType": "covisit",
    },
    Object {
      "content": "fiche-service-public/un-salarie-peut-il-revenir-travailler-avant-la-fin-de-son-arret-maladie",
      "links": Array [
        Object {
          "count": 11,
          "link": "fiche-service-public/un-salarie-peut-il-travailler-pendant-un-arret-maladie",
        },
        Object {
          "count": 5,
          "link": "fiche-service-public/peut-on-demissionner-pendant-un-arret-maladie",
        },
      ],
      "reportType": "covisit",
    },
    Object {
      "content": "droit-du-travail",
      "links": Array [
        Object {
          "count": 9,
          "link": "dossiers/ministere-du-travail-notre-dossier-sur-le-coronavirus",
        },
      ],
      "reportType": "covisit",
    },
    Object {
      "content": "fiche-ministere-travail/coronavirus-covid-19-et-monde-du-travail#Pour-resumer",
      "links": Array [
        Object {
          "count": 18,
          "link": "fiche-ministere-travail/coronavirus-covid-19-et-monde-du-travail#t1-Le-teletravail-est-la-regle-imperative-pour-tous-les-postes-qui-le-nbsp",
        },
        Object {
          "count": 9,
          "link": "dossiers/ministere-du-travail-notre-dossier-sur-le-coronavirus",
        },
        Object {
          "count": 6,
          "link": "fiche-service-public/teletravail-dans-le-secteur-prive",
        },
        Object {
          "count": 5,
          "link": "fiche-ministere-travail/coronavirus-covid-19-et-monde-du-travail#t5-Les-solutions-pour-les-parents-d-enfants-de-moins-de-16-ans",
        },
      ],
      "reportType": "covisit",
    },
    Object {
      "content": "modeles-de-courriers/rupture-de-periode-dessai-a-linitiative-de-lemployeur",
      "links": Array [
        Object {
          "count": 15,
          "link": "modeles-de-courriers/rupture-du-contrat-en-periode-dessai-a-linitiative-du-salarie",
        },
      ],
      "reportType": "covisit",
    },
    Object {
      "content": "modeles-de-courriers/rupture-du-contrat-en-periode-dessai-a-linitiative-du-salarie",
      "links": Array [
        Object {
          "count": 15,
          "link": "modeles-de-courriers/rupture-de-periode-dessai-a-linitiative-de-lemployeur",
        },
      ],
      "reportType": "covisit",
    },
    Object {
      "content": "convention-collective",
      "links": Array [
        Object {
          "count": 11,
          "link": "dossiers/ministere-du-travail-notre-dossier-sur-le-coronavirus",
        },
        Object {
          "count": 6,
          "link": "outils/preavis-demission",
        },
        Object {
          "count": 5,
          "link": "convention-collective/650-metallurgie-ingenieurs-et-cadres",
        },
      ],
      "reportType": "covisit",
    },
    Object {
      "content": "outils/preavis-demission",
      "links": Array [
        Object {
          "count": 8,
          "link": "outils/indemnite-licenciement",
        },
        Object {
          "count": 6,
          "link": "convention-collective",
        },
        Object {
          "count": 5,
          "link": "fiche-service-public/preavis-de-licenciement",
        },
      ],
      "reportType": "covisit",
    },
    Object {
      "content": "modeles-de-courriers/convocation-a-un-entretien-prealable-au-licenciement-economique-de-moins-de-10-salaries-pendant-30-jours",
      "links": Array [
        Object {
          "count": 13,
          "link": "modeles-de-courriers/convocation-a-un-entretien-prealable-au-licenciement-pour-motif-personnel",
        },
      ],
      "reportType": "covisit",
    },
    Object {
      "content": "modeles-de-courriers/convocation-a-un-entretien-prealable-au-licenciement-pour-motif-personnel",
      "links": Array [
        Object {
          "count": 13,
          "link": "modeles-de-courriers/convocation-a-un-entretien-prealable-au-licenciement-economique-de-moins-de-10-salaries-pendant-30-jours",
        },
      ],
      "reportType": "covisit",
    },
    Object {
      "content": "fiche-service-public/comment-consulter-une-convention-collective",
      "links": Array [
        Object {
          "count": 5,
          "link": "fiche-service-public/convention-collective",
        },
      ],
      "reportType": "covisit",
    },
    Object {
      "content": "fiche-service-public/convention-collective",
      "links": Array [
        Object {
          "count": 5,
          "link": "fiche-service-public/comment-consulter-une-convention-collective",
        },
      ],
      "reportType": "covisit",
    },
    Object {
      "content": "fiche-service-public/peut-on-demissionner-pendant-un-arret-maladie",
      "links": Array [
        Object {
          "count": 5,
          "link": "fiche-service-public/peut-on-prendre-directement-des-conges-apres-un-arret-maladie",
        },
        Object {
          "count": 5,
          "link": "fiche-service-public/arret-maladie-pendant-le-preavis-quelles-consequences",
        },
        Object {
          "count": 5,
          "link": "fiche-service-public/un-salarie-peut-il-revenir-travailler-avant-la-fin-de-son-arret-maladie",
        },
      ],
      "reportType": "covisit",
    },
    Object {
      "content": "fiche-service-public/peut-on-prendre-directement-des-conges-apres-un-arret-maladie",
      "links": Array [
        Object {
          "count": 6,
          "link": "fiche-service-public/arret-maladie-et-conges-payes-annuels",
        },
        Object {
          "count": 5,
          "link": "fiche-service-public/peut-on-demissionner-pendant-un-arret-maladie",
        },
      ],
      "reportType": "covisit",
    },
    Object {
      "content": "outils/indemnite-precarite",
      "links": Array [
        Object {
          "count": 5,
          "link": "dossiers/ministere-du-travail-notre-dossier-sur-le-coronavirus",
        },
      ],
      "reportType": "covisit",
    },
    Object {
      "content": "fiche-ministere-travail/conventions-de-fne-formation",
      "links": Array [
        Object {
          "count": 7,
          "link": "fiche-ministere-travail/formation-professionnelle-des-salaries-en-activite-partielle#Elargissement-du-dispositif-FNE-Formation-a-l-ensemble-des-entreprises-qui-nbsp",
        },
        Object {
          "count": 5,
          "link": "fiche-ministere-travail/questions-reponses-par-theme",
        },
      ],
      "reportType": "covisit",
    },
    Object {
      "content": "fiche-ministere-travail/formation-professionnelle-des-salaries-en-activite-partielle#Elargissement-du-dispositif-FNE-Formation-a-l-ensemble-des-entreprises-qui-nbsp",
      "links": Array [
        Object {
          "count": 7,
          "link": "fiche-ministere-travail/conventions-de-fne-formation",
        },
        Object {
          "count": 5,
          "link": "dossiers/ministere-du-travail-notre-dossier-sur-le-coronavirus",
        },
      ],
      "reportType": "covisit",
    },
    Object {
      "content": "fiche-service-public/peut-on-demissionner-pendant-un-conge-maternite",
      "links": Array [
        Object {
          "count": 7,
          "link": "fiche-service-public/peut-on-demissionner-pendant-un-conge-parental",
        },
      ],
      "reportType": "covisit",
    },
    Object {
      "content": "fiche-service-public/peut-on-demissionner-pendant-un-conge-parental",
      "links": Array [
        Object {
          "count": 7,
          "link": "fiche-service-public/peut-on-demissionner-pendant-un-conge-maternite",
        },
      ],
      "reportType": "covisit",
    },
    Object {
      "content": "fiche-ministere-travail/coronavirus-covid-19-et-monde-du-travail#t5-Les-solutions-pour-les-parents-d-enfants-de-moins-de-16-ans",
      "links": Array [
        Object {
          "count": 14,
          "link": "fiche-ministere-travail/coronavirus-covid-19-et-monde-du-travail#t1-Le-teletravail-est-la-regle-imperative-pour-tous-les-postes-qui-le-nbsp",
        },
        Object {
          "count": 5,
          "link": "dossiers/ministere-du-travail-notre-dossier-sur-le-coronavirus",
        },
        Object {
          "count": 5,
          "link": "fiche-ministere-travail/coronavirus-covid-19-et-monde-du-travail#Pour-resumer",
        },
      ],
      "reportType": "covisit",
    },
    Object {
      "content": "fiche-ministere-travail/mesures-exceptionnelles-de-soutien-aux-intermittents-et-salaries-du-secteur-culturel-dans-le-cadre-de-la-crise-sanitaire",
      "links": Array [
        Object {
          "count": 5,
          "link": "dossiers/ministere-du-travail-notre-dossier-sur-le-coronavirus",
        },
      ],
      "reportType": "covisit",
    },
    Object {
      "content": "fiche-service-public/lemployeur-doit-il-amenager-un-espace-pour-la-pause-dejeuner",
      "links": Array [
        Object {
          "count": 6,
          "link": "dossiers/ministere-du-travail-notre-dossier-sur-le-coronavirus",
        },
      ],
      "reportType": "covisit",
    },
    Object {
      "content": "modeles-de-courriers/certificat-de-travail",
      "links": Array [
        Object {
          "count": 9,
          "link": "modeles-de-courriers/recu-pour-solde-de-tout-compte",
        },
      ],
      "reportType": "covisit",
    },
    Object {
      "content": "modeles-de-courriers/recu-pour-solde-de-tout-compte",
      "links": Array [
        Object {
          "count": 9,
          "link": "modeles-de-courriers/certificat-de-travail",
        },
      ],
      "reportType": "covisit",
    },
    Object {
      "content": "contribution/quelle-est-la-duree-de-preavis-en-cas-de-depart-a-la-retraite",
      "links": Array [
        Object {
          "count": 5,
          "link": "contribution/quelle-est-la-duree-de-preavis-en-cas-de-mise-a-la-retraite",
        },
      ],
      "reportType": "covisit",
    },
    Object {
      "content": "contribution/quelle-est-la-duree-de-preavis-en-cas-de-mise-a-la-retraite",
      "links": Array [
        Object {
          "count": 5,
          "link": "contribution/quelle-est-la-duree-de-preavis-en-cas-de-depart-a-la-retraite",
        },
      ],
      "reportType": "covisit",
    },
    Object {
      "content": "fiche-service-public/arret-maladie-pendant-le-preavis-quelles-consequences",
      "links": Array [
        Object {
          "count": 5,
          "link": "fiche-service-public/peut-on-demissionner-pendant-un-arret-maladie",
        },
      ],
      "reportType": "covisit",
    },
    Object {
      "content": "fiche-service-public/arret-maladie-et-conges-payes-annuels",
      "links": Array [
        Object {
          "count": 6,
          "link": "fiche-service-public/peut-on-prendre-directement-des-conges-apres-un-arret-maladie",
        },
      ],
      "reportType": "covisit",
    },
    Object {
      "content": "fiche-service-public/preavis-de-licenciement",
      "links": Array [
        Object {
          "count": 5,
          "link": "outils/preavis-demission",
        },
      ],
      "reportType": "covisit",
    },
    Object {
      "content": "modeles-de-courriers/rupture-dun-commun-accord-dun-contrat-de-travail-a-duree-determinee",
      "links": Array [
        Object {
          "count": 8,
          "link": "modeles-de-courriers/rupture-dun-commun-accord-dun-contrat-dapprentissage",
        },
      ],
      "reportType": "covisit",
    },
    Object {
      "content": "modeles-de-courriers/rupture-dun-commun-accord-dun-contrat-dapprentissage",
      "links": Array [
        Object {
          "count": 8,
          "link": "modeles-de-courriers/rupture-dun-commun-accord-dun-contrat-de-travail-a-duree-determinee",
        },
      ],
      "reportType": "covisit",
    },
    Object {
      "content": "fiche-ministere-travail/les-conges-payes",
      "links": Array [
        Object {
          "count": 5,
          "link": "dossiers/ministere-du-travail-notre-dossier-sur-le-coronavirus",
        },
      ],
      "reportType": "covisit",
    },
    Object {
      "content": "fiche-service-public/comment-calculer-lindemnite-de-conges-payes-du-salarie",
      "links": Array [
        Object {
          "count": 6,
          "link": "fiche-service-public/indemnite-compensatrice-de-conges-payes",
        },
      ],
      "reportType": "covisit",
    },
    Object {
      "content": "fiche-service-public/indemnite-compensatrice-de-conges-payes",
      "links": Array [
        Object {
          "count": 6,
          "link": "fiche-service-public/comment-calculer-lindemnite-de-conges-payes-du-salarie",
        },
      ],
      "reportType": "covisit",
    },
    Object {
      "content": "fiche-service-public/arret-maladie-reprise-du-travail-du-salarie",
      "links": Array [
        Object {
          "count": 5,
          "link": "fiche-service-public/arret-maladie-indemnites-journalieres-versees-au-salarie",
        },
      ],
      "reportType": "covisit",
    },
    Object {
      "content": "convention-collective/650-metallurgie-ingenieurs-et-cadres",
      "links": Array [
        Object {
          "count": 5,
          "link": "convention-collective",
        },
      ],
      "reportType": "covisit",
    },
    Object {
      "doc": Object {
        "abs_diff": 0.008228796509893416,
        "diff": 0.008228796509893416,
        "focus_count": 568,
        "focus_norm_count": 0.14014310387367382,
        "ref_count": 1915,
        "ref_norm_count": 0.1319143073637804,
        "url": "fiche-service-public/procedure-de-licenciement-pour-motif-personnel",
      },
      "end": 1588579196,
      "pivot": 1588527360,
      "reportId": 42,
      "reportType": "popularity",
      "start": 1588320016,
    },
    Object {
      "doc": Object {
        "abs_diff": 0.007962639274294303,
        "diff": -0.007962639274294303,
        "focus_count": 3141,
        "focus_norm_count": 0.774981495188749,
        "ref_count": 11366,
        "ref_norm_count": 0.7829441344630433,
        "url": "dossiers/ministere-du-travail-notre-dossier-sur-le-coronavirus",
      },
      "end": 1588579196,
      "pivot": 1588527360,
      "reportId": 42,
      "reportType": "popularity",
      "start": 1588320016,
    },
    Object {
      "doc": Object {
        "abs_diff": 0.0021480724479995307,
        "diff": -0.0021480724479995307,
        "focus_count": 65,
        "focus_norm_count": 0.016037503084135207,
        "ref_count": 264,
        "ref_norm_count": 0.018185575532134738,
        "url": "fiche-ministere-travail/garde-denfants-et-personnes-vulnerables",
      },
      "end": 1588579196,
      "pivot": 1588527360,
      "reportId": 42,
      "reportType": "popularity",
      "start": 1588320016,
    },
    Object {
      "doc": Object {
        "abs_diff": 0.0012374781816076475,
        "diff": -0.0012374781816076475,
        "focus_count": 31,
        "focus_norm_count": 0.0076486553170490995,
        "ref_count": 129,
        "ref_norm_count": 0.008886133498656747,
        "url": "modeles-de-courriers/signalement-de-faits-pouvant-relever-du-harcelement-moral-ou-sexuel",
      },
      "end": 1588579196,
      "pivot": 1588527360,
      "reportId": 42,
      "reportType": "popularity",
      "start": 1588320016,
    },
    Object {
      "doc": Object {
        "abs_diff": 0.0003807782060257902,
        "diff": -0.0003807782060257902,
        "focus_count": 18,
        "focus_norm_count": 0.0044411547002220575,
        "ref_count": 70,
        "ref_norm_count": 0.004821932906247848,
        "url": "fiche-service-public/harcelement-moral-au-travail",
      },
      "end": 1588579196,
      "pivot": 1588527360,
      "reportId": 42,
      "reportType": "popularity",
      "start": 1588320016,
    },
    Object {
      "doc": Object {
        "abs_diff": 0.00035569212175092505,
        "diff": 0.00035569212175092505,
        "focus_count": 2,
        "focus_norm_count": 0.0004934616333580064,
        "ref_count": 2,
        "ref_norm_count": 0.00013776951160708134,
        "url": "code-du-travail/l2312-35",
      },
      "end": 1588579196,
      "pivot": 1588527360,
      "reportId": 42,
      "reportType": "popularity",
      "start": 1588320016,
    },
    Object {
      "doc": Object {
        "abs_diff": 0.00024800551608321385,
        "diff": -0.00024800551608321385,
        "focus_count": 11,
        "focus_norm_count": 0.002714038983469035,
        "ref_count": 43,
        "ref_norm_count": 0.002962044499552249,
        "url": "modeles-de-courriers/demande-de-paiement-de-salaire",
      },
      "end": 1588579196,
      "pivot": 1588527360,
      "reportId": 42,
      "reportType": "popularity",
      "start": 1588320016,
    },
    Object {
      "doc": Object {
        "abs_diff": 0.0002179226101438437,
        "diff": 0.0002179226101438437,
        "focus_count": 2,
        "focus_norm_count": 0.0004934616333580064,
        "ref_count": 4,
        "ref_norm_count": 0.0002755390232141627,
        "url": "code-du-travail/l2315-7",
      },
      "end": 1588579196,
      "pivot": 1588527360,
      "reportId": 42,
      "reportType": "popularity",
      "start": 1588320016,
    },
    Object {
      "doc": Object {
        "abs_diff": 0.00017784606087546253,
        "diff": 0.00017784606087546253,
        "focus_count": 1,
        "focus_norm_count": 0.0002467308166790032,
        "ref_count": 1,
        "ref_norm_count": 0.00006888475580354067,
        "url": "code-du-travail/l2315-11",
      },
      "end": 1588579196,
      "pivot": 1588527360,
      "reportId": 42,
      "reportType": "popularity",
      "start": 1588320016,
    },
    Object {
      "doc": Object {
        "abs_diff": 0.00017784606087546253,
        "diff": 0.00017784606087546253,
        "focus_count": 1,
        "focus_norm_count": 0.0002467308166790032,
        "ref_count": 1,
        "ref_norm_count": 0.00006888475580354067,
        "url": "fiche-service-public/comite-social-et-economique-cse",
      },
      "end": 1588579196,
      "pivot": 1588527360,
      "reportId": 42,
      "reportType": "popularity",
      "start": 1588320016,
    },
    Object {
      "doc": Object {
        "abs_diff": 0.00017784606087546253,
        "diff": 0.00017784606087546253,
        "focus_count": 1,
        "focus_norm_count": 0.0002467308166790032,
        "ref_count": 1,
        "ref_norm_count": 0.00006888475580354067,
        "url": "code-du-travail/l2311-1",
      },
      "end": 1588579196,
      "pivot": 1588527360,
      "reportId": 42,
      "reportType": "popularity",
      "start": 1588320016,
    },
    Object {
      "doc": Object {
        "abs_diff": 0.00017784606087546253,
        "diff": 0.00017784606087546253,
        "focus_count": 1,
        "focus_norm_count": 0.0002467308166790032,
        "ref_count": 1,
        "ref_norm_count": 0.00006888475580354067,
        "url": "code-du-travail/l2312-11",
      },
      "end": 1588579196,
      "pivot": 1588527360,
      "reportId": 42,
      "reportType": "popularity",
      "start": 1588320016,
    },
    Object {
      "doc": Object {
        "abs_diff": 0.00017784606087546253,
        "diff": 0.00017784606087546253,
        "focus_count": 1,
        "focus_norm_count": 0.0002467308166790032,
        "ref_count": 1,
        "ref_norm_count": 0.00006888475580354067,
        "url": "code-du-travail/l2315-15",
      },
      "end": 1588579196,
      "pivot": 1588527360,
      "reportId": 42,
      "reportType": "popularity",
      "start": 1588320016,
    },
    Object {
      "doc": Object {
        "abs_diff": 0.00017784606087546253,
        "diff": 0.00017784606087546253,
        "focus_count": 1,
        "focus_norm_count": 0.0002467308166790032,
        "ref_count": 1,
        "ref_norm_count": 0.00006888475580354067,
        "url": "code-du-travail/l2312-38",
      },
      "end": 1588579196,
      "pivot": 1588527360,
      "reportId": 42,
      "reportType": "popularity",
      "start": 1588320016,
    },
    Object {
      "doc": Object {
        "abs_diff": 0.00017784606087546253,
        "diff": 0.00017784606087546253,
        "focus_count": 1,
        "focus_norm_count": 0.0002467308166790032,
        "ref_count": 1,
        "ref_norm_count": 0.00006888475580354067,
        "url": "code-du-travail/l2312-26",
      },
      "end": 1588579196,
      "pivot": 1588527360,
      "reportId": 42,
      "reportType": "popularity",
      "start": 1588320016,
    },
    Object {
      "doc": Object {
        "abs_diff": 0.00013149799053836526,
        "diff": 0.00013149799053836526,
        "focus_count": 5,
        "focus_norm_count": 0.001233654083395016,
        "ref_count": 16,
        "ref_norm_count": 0.0011021560928566507,
        "url": "fiche-service-public/paiement-du-salaire",
      },
      "end": 1588579196,
      "pivot": 1588527360,
      "reportId": 42,
      "reportType": "popularity",
      "start": 1588320016,
    },
    Object {
      "doc": Object {
        "abs_diff": 0.00012022964780514353,
        "diff": 0.00012022964780514353,
        "focus_count": 3,
        "focus_norm_count": 0.0007401924500370096,
        "ref_count": 9,
        "ref_norm_count": 0.0006199628022318661,
        "url": "contribution/quelles-sont-les-conditions-de-la-clause-de-non-concurrence",
      },
      "end": 1588579196,
      "pivot": 1588527360,
      "reportId": 42,
      "reportType": "popularity",
      "start": 1588320016,
    },
    Object {
      "doc": Object {
        "abs_diff": 0.0000926961406741947,
        "diff": -0.0000926961406741947,
        "focus_count": 8,
        "focus_norm_count": 0.0019738465334320256,
        "ref_count": 30,
        "ref_norm_count": 0.0020665426741062203,
        "url": "fiche-ministere-travail/le-salaire-fixation-et-paiement",
      },
      "end": 1588579196,
      "pivot": 1588527360,
      "reportId": 42,
      "reportType": "popularity",
      "start": 1588320016,
    },
    Object {
      "doc": Object {
        "abs_diff": 0.00008015309853676232,
        "diff": 0.00008015309853676232,
        "focus_count": 2,
        "focus_norm_count": 0.0004934616333580064,
        "ref_count": 6,
        "ref_norm_count": 0.0004133085348212441,
        "url": "contribution/quelles-sont-les-primes-prevues-par-la-convention-collective",
      },
      "end": 1588579196,
      "pivot": 1588527360,
      "reportId": 42,
      "reportType": "popularity",
      "start": 1588320016,
    },
    Object {
      "doc": Object {
        "abs_diff": 0.0000366603548650965,
        "diff": -0.0000366603548650965,
        "focus_count": 183,
        "focus_norm_count": 0.04515173945225759,
        "ref_count": 656,
        "ref_norm_count": 0.045188399807122685,
        "url": "fiche-service-public/un-salarie-doit-il-recuperer-les-heures-quil-na-pas-pu-effectuer",
      },
      "end": 1588579196,
      "pivot": 1588527360,
      "reportId": 42,
      "reportType": "popularity",
      "start": 1588320016,
    },
    Object {
      "count": 20,
      "reportType": "suggestion",
      "suggestion": "chômage partiel",
      "weight": 19.39,
    },
    Object {
      "count": 13,
      "reportType": "suggestion",
      "suggestion": "télétravail",
      "weight": 15.63,
    },
    Object {
      "count": 12,
      "reportType": "suggestion",
      "suggestion": "congés payés",
      "weight": 15.02,
    },
    Object {
      "count": 10,
      "reportType": "suggestion",
      "suggestion": "arrêt maladie",
      "weight": 13.71,
    },
    Object {
      "count": 8,
      "reportType": "suggestion",
      "suggestion": "licenciement",
      "weight": 12.26,
    },
    Object {
      "count": 8,
      "reportType": "suggestion",
      "suggestion": "covid 19",
      "weight": 12.26,
    },
    Object {
      "count": 6,
      "reportType": "suggestion",
      "suggestion": "licenciement inaptitude",
      "weight": 10.62,
    },
    Object {
      "count": 6,
      "reportType": "suggestion",
      "suggestion": "licenciement économique",
      "weight": 10.62,
    },
    Object {
      "count": 6,
      "reportType": "suggestion",
      "suggestion": "activité partielle",
      "weight": 10.62,
    },
    Object {
      "count": 6,
      "reportType": "suggestion",
      "suggestion": "durée du préavis de démission",
      "weight": 10.62,
    },
    Object {
      "count": 5,
      "reportType": "suggestion",
      "suggestion": "rupture conventionnelle",
      "weight": 9.69,
    },
    Object {
      "count": 4,
      "reportType": "suggestion",
      "suggestion": "absence injustifiée",
      "weight": 8.67,
    },
    Object {
      "count": 4,
      "reportType": "suggestion",
      "suggestion": "temps de travail",
      "weight": 8.67,
    },
    Object {
      "count": 4,
      "reportType": "suggestion",
      "suggestion": "activité partielle et réduction du temps de travail",
      "weight": 8.67,
    },
    Object {
      "count": 4,
      "reportType": "suggestion",
      "suggestion": "procédure de licenciement",
      "weight": 8.67,
    },
    Object {
      "count": 4,
      "reportType": "suggestion",
      "suggestion": "indemnisation chômage partiel",
      "weight": 8.67,
    },
    Object {
      "count": 4,
      "reportType": "suggestion",
      "suggestion": "convention collective",
      "weight": 8.67,
    },
    Object {
      "count": 4,
      "reportType": "suggestion",
      "suggestion": "indemnités de licenciement",
      "weight": 8.67,
    },
    Object {
      "count": 4,
      "reportType": "suggestion",
      "suggestion": "période d'essai",
      "weight": 8.67,
    },
    Object {
      "count": 4,
      "reportType": "suggestion",
      "suggestion": "temps de pause",
      "weight": 8.67,
    },
    Object {
      "count": 4,
      "reportType": "suggestion",
      "suggestion": "contrat de travail",
      "weight": 8.67,
    },
    Object {
      "count": 4,
      "reportType": "suggestion",
      "suggestion": "accords d'entreprise",
      "weight": 8.67,
    },
    Object {
      "count": 3,
      "reportType": "suggestion",
      "suggestion": "coronavirus",
      "weight": 7.51,
    },
    Object {
      "count": 3,
      "reportType": "suggestion",
      "suggestion": "rupture conventionnelle cdi",
      "weight": 7.51,
    },
    Object {
      "count": 3,
      "reportType": "suggestion",
      "suggestion": "cse entreprise",
      "weight": 7.51,
    },
    Object {
      "count": 3,
      "reportType": "suggestion",
      "suggestion": "jours fériés",
      "weight": 7.51,
    },
    Object {
      "count": 3,
      "reportType": "suggestion",
      "suggestion": "modification du contrat de travail",
      "weight": 7.51,
    },
    Object {
      "count": 3,
      "reportType": "suggestion",
      "suggestion": "modification horaires de travail",
      "weight": 7.51,
    },
    Object {
      "count": 3,
      "reportType": "suggestion",
      "suggestion": "l'employeur peut-il m'imposer un changement de mes horaires de travail ?",
      "weight": 7.51,
    },
    Object {
      "count": 3,
      "reportType": "suggestion",
      "suggestion": "congés payés acquisition",
      "weight": 7.51,
    },
    Object {
      "count": 3,
      "reportType": "suggestion",
      "suggestion": "heures supplémentaires",
      "weight": 7.51,
    },
    Object {
      "count": 3,
      "reportType": "suggestion",
      "suggestion": "droit de retrait",
      "weight": 7.51,
    },
    Object {
      "count": 3,
      "reportType": "suggestion",
      "suggestion": "représentant syndical",
      "weight": 7.51,
    },
    Object {
      "count": 3,
      "reportType": "suggestion",
      "suggestion": "cdd transformé en cdi",
      "weight": 7.51,
    },
    Object {
      "count": 3,
      "reportType": "suggestion",
      "suggestion": "repos hebdomadaire",
      "weight": 7.51,
    },
    Object {
      "count": 3,
      "reportType": "suggestion",
      "suggestion": "consultation cse",
      "weight": 7.51,
    },
    Object {
      "count": 3,
      "reportType": "suggestion",
      "suggestion": "changement de planning",
      "weight": 7.51,
    },
    Object {
      "count": 3,
      "reportType": "suggestion",
      "suggestion": "visite de reprise arrêt maladie",
      "weight": 7.51,
    },
    Object {
      "count": 3,
      "reportType": "suggestion",
      "suggestion": "salarié en mission à l'étranger",
      "weight": 7.51,
    },
    Object {
      "count": 3,
      "reportType": "suggestion",
      "suggestion": "clause de non concurrence",
      "weight": 7.51,
    },
    Object {
      "count": 3,
      "reportType": "suggestion",
      "suggestion": "maintien de salaire arrêt maladie",
      "weight": 7.51,
    },
    Object {
      "count": 3,
      "reportType": "suggestion",
      "suggestion": "règlement intérieur",
      "weight": 7.51,
    },
    Object {
      "count": 3,
      "reportType": "suggestion",
      "suggestion": "licenciement pour faute grave",
      "weight": 7.51,
    },
    Object {
      "count": 2,
      "reportType": "suggestion",
      "suggestion": "absences pour maladie",
      "weight": 6.13,
    },
    Object {
      "count": 2,
      "reportType": "suggestion",
      "suggestion": "maladie professionnelle",
      "weight": 6.13,
    },
    Object {
      "count": 2,
      "reportType": "suggestion",
      "suggestion": "usages",
      "weight": 6.13,
    },
    Object {
      "count": 2,
      "reportType": "suggestion",
      "suggestion": "rupture conventionnelle individuelle indemnité de rupture",
      "weight": 6.13,
    },
    Object {
      "count": 2,
      "reportType": "suggestion",
      "suggestion": "calcul indemnité rupture conventionnelle",
      "weight": 6.13,
    },
    Object {
      "count": 2,
      "reportType": "suggestion",
      "suggestion": "attestation de travail",
      "weight": 6.13,
    },
    Object {
      "count": 2,
      "reportType": "suggestion",
      "suggestion": "détachement",
      "weight": 6.13,
    },
    Object {
      "count": 2,
      "reportType": "suggestion",
      "suggestion": "indemnité de départ à la retraite",
      "weight": 6.13,
    },
    Object {
      "count": 2,
      "reportType": "suggestion",
      "suggestion": "préavis des cadres",
      "weight": 6.13,
    },
    Object {
      "count": 2,
      "reportType": "suggestion",
      "suggestion": "modalités de calcul indemnités de licenciement",
      "weight": 6.13,
    },
    Object {
      "count": 2,
      "reportType": "suggestion",
      "suggestion": "changement des horaires de travail",
      "weight": 6.13,
    },
    Object {
      "count": 2,
      "reportType": "suggestion",
      "suggestion": "cdd durée",
      "weight": 6.13,
    },
    Object {
      "count": 2,
      "reportType": "suggestion",
      "suggestion": "astreinte",
      "weight": 6.13,
    },
    Object {
      "count": 2,
      "reportType": "suggestion",
      "suggestion": "activité partielle durée maximale",
      "weight": 6.13,
    },
    Object {
      "count": 2,
      "reportType": "suggestion",
      "suggestion": "cdd et après cdi",
      "weight": 6.13,
    },
    Object {
      "count": 2,
      "reportType": "suggestion",
      "suggestion": "inaptitude au travail",
      "weight": 6.13,
    },
    Object {
      "count": 2,
      "reportType": "suggestion",
      "suggestion": "élections professionnelles",
      "weight": 6.13,
    },
    Object {
      "count": 2,
      "reportType": "suggestion",
      "suggestion": "repos compensateur",
      "weight": 6.13,
    },
    Object {
      "count": 2,
      "reportType": "suggestion",
      "suggestion": "mon employeur peut-il m'imposer des congés payés ?",
      "weight": 6.13,
    },
    Object {
      "count": 2,
      "reportType": "suggestion",
      "suggestion": "démission et chômage",
      "weight": 6.13,
    },
    Object {
      "count": 2,
      "reportType": "suggestion",
      "suggestion": "quelle est la durée de préavis en cas de démission ?",
      "weight": 6.13,
    },
    Object {
      "count": 2,
      "reportType": "suggestion",
      "suggestion": "retraite à taux plein",
      "weight": 6.13,
    },
    Object {
      "count": 2,
      "reportType": "suggestion",
      "suggestion": "démission et préavis",
      "weight": 6.13,
    },
    Object {
      "count": 2,
      "reportType": "suggestion",
      "suggestion": "prime d'ancienneté cadre",
      "weight": 6.13,
    },
    Object {
      "count": 2,
      "reportType": "suggestion",
      "suggestion": "durée du travail et temps de travail",
      "weight": 6.13,
    },
    Object {
      "count": 2,
      "reportType": "suggestion",
      "suggestion": "congé parental et congés payés",
      "weight": 6.13,
    },
    Object {
      "count": 2,
      "reportType": "suggestion",
      "suggestion": "préavis",
      "weight": 6.13,
    },
    Object {
      "count": 2,
      "reportType": "suggestion",
      "suggestion": "temps de trajet travail",
      "weight": 6.13,
    },
    Object {
      "count": 2,
      "reportType": "suggestion",
      "suggestion": "jours fériés travaillés",
      "weight": 6.13,
    },
    Object {
      "count": 2,
      "reportType": "suggestion",
      "suggestion": "modèle type lettre de licenciement",
      "weight": 6.13,
    },
    Object {
      "count": 2,
      "reportType": "suggestion",
      "suggestion": "visite de reprise",
      "weight": 6.13,
    },
    Object {
      "count": 2,
      "reportType": "suggestion",
      "suggestion": "heures complémentaires",
      "weight": 6.13,
    },
    Object {
      "count": 2,
      "reportType": "suggestion",
      "suggestion": "congé parental",
      "weight": 6.13,
    },
    Object {
      "count": 2,
      "reportType": "suggestion",
      "suggestion": "comment se calcule l'indemnité compensatrice de congés payés ?",
      "weight": 6.13,
    },
    Object {
      "count": 2,
      "reportType": "suggestion",
      "suggestion": "harcèlement au travail",
      "weight": 6.13,
    },
    Object {
      "count": 2,
      "reportType": "suggestion",
      "suggestion": "heures supplémentaires non payées",
      "weight": 6.13,
    },
    Object {
      "count": 2,
      "reportType": "suggestion",
      "suggestion": "changement de contrat de travail",
      "weight": 6.13,
    },
    Object {
      "count": 2,
      "reportType": "suggestion",
      "suggestion": "cse",
      "weight": 6.13,
    },
    Object {
      "count": 2,
      "reportType": "suggestion",
      "suggestion": "congés payés et maladie",
      "weight": 6.13,
    },
    Object {
      "count": 2,
      "reportType": "suggestion",
      "suggestion": "accord d'entreprise après fusion",
      "weight": 6.13,
    },
    Object {
      "count": 2,
      "reportType": "suggestion",
      "suggestion": "mise à pied conservatoire et procédure disciplinaire",
      "weight": 6.13,
    },
    Object {
      "count": 2,
      "reportType": "suggestion",
      "suggestion": "préavis démission",
      "weight": 6.13,
    },
    Object {
      "count": 2,
      "reportType": "suggestion",
      "suggestion": "licenciement pour faute",
      "weight": 6.13,
    },
    Object {
      "count": 2,
      "reportType": "suggestion",
      "suggestion": "frais de déplacement trajet domicile travail",
      "weight": 6.13,
    },
    Object {
      "count": 2,
      "reportType": "suggestion",
      "suggestion": "retard dans le paiement du salaire",
      "weight": 6.13,
    },
    Object {
      "count": 2,
      "reportType": "suggestion",
      "suggestion": "lanceur d'alerte",
      "weight": 6.13,
    },
    Object {
      "count": 2,
      "reportType": "suggestion",
      "suggestion": "congés sans solde",
      "weight": 6.13,
    },
    Object {
      "count": 1,
      "reportType": "suggestion",
      "suggestion": "perte de salaire",
      "weight": 4.34,
    },
    Object {
      "count": 1,
      "reportType": "suggestion",
      "suggestion": "fiche de poste",
      "weight": 4.34,
    },
    Object {
      "count": 1,
      "reportType": "suggestion",
      "suggestion": "mise à la retraite",
      "weight": 4.34,
    },
    Object {
      "count": 1,
      "reportType": "suggestion",
      "suggestion": "avantages en nature",
      "weight": 4.34,
    },
    Object {
      "count": 1,
      "reportType": "suggestion",
      "suggestion": "qui paye le complément de salaire en arrêt maladie ?",
      "weight": 4.34,
    },
    Object {
      "count": 1,
      "reportType": "suggestion",
      "suggestion": "différence entre changement des horaires et modification des horaires de travail",
      "weight": 4.34,
    },
    Object {
      "count": 1,
      "reportType": "suggestion",
      "suggestion": "comment demander un congé sans solde",
      "weight": 4.34,
    },
    Object {
      "count": 1,
      "reportType": "suggestion",
      "suggestion": "risque d'exposition aux fibres d'amiante",
      "weight": 4.34,
    },
    Object {
      "count": 1,
      "reportType": "suggestion",
      "suggestion": "conception des lieux de travail",
      "weight": 4.34,
    },
    Object {
      "count": 1,
      "reportType": "suggestion",
      "suggestion": "invalidité",
      "weight": 4.34,
    },
    Object {
      "count": 1,
      "reportType": "suggestion",
      "suggestion": "harcèlement moral",
      "weight": 4.34,
    },
    Object {
      "count": 1,
      "reportType": "suggestion",
      "suggestion": "quelle est la différence entre salaire brut et salaire net",
      "weight": 4.34,
    },
    Object {
      "count": 1,
      "reportType": "suggestion",
      "suggestion": "l’assomption",
      "weight": 4.34,
    },
    Object {
      "count": 1,
      "reportType": "suggestion",
      "suggestion": "ai-je droit à une prime d'ancienneté ?",
      "weight": 4.34,
    },
    Object {
      "count": 1,
      "reportType": "suggestion",
      "suggestion": "période d'essai : rupture et délai de prévenance",
      "weight": 4.34,
    },
    Object {
      "count": 1,
      "reportType": "suggestion",
      "suggestion": "point de départ délai de prévenance rupture période d'essai",
      "weight": 4.34,
    },
    Object {
      "count": 1,
      "reportType": "suggestion",
      "suggestion": "titres restaurant",
      "weight": 4.34,
    },
    Object {
      "count": 1,
      "reportType": "suggestion",
      "suggestion": "titre restaurant",
      "weight": 4.34,
    },
    Object {
      "count": 1,
      "reportType": "suggestion",
      "suggestion": "temps partiel",
      "weight": 4.34,
    },
    Object {
      "count": 1,
      "reportType": "suggestion",
      "suggestion": "grève",
      "weight": 4.34,
    },
    Object {
      "count": 1,
      "reportType": "suggestion",
      "suggestion": "droit de retrait salarié",
      "weight": 4.34,
    },
    Object {
      "count": 1,
      "reportType": "suggestion",
      "suggestion": "maintien de salaire et maladie",
      "weight": 4.34,
    },
    Object {
      "count": 1,
      "reportType": "suggestion",
      "suggestion": "comment calculer le maintien de salaire en cas de maladie ?",
      "weight": 4.34,
    },
    Object {
      "count": 1,
      "reportType": "suggestion",
      "suggestion": "sécurité incendie",
      "weight": 4.34,
    },
    Object {
      "count": 1,
      "reportType": "suggestion",
      "suggestion": "indemnités chômage",
      "weight": 4.34,
    },
    Object {
      "count": 1,
      "reportType": "suggestion",
      "suggestion": "licenciement pour absences injustifiées",
      "weight": 4.34,
    },
    Object {
      "count": 1,
      "reportType": "suggestion",
      "suggestion": "heures de délégation",
      "weight": 4.34,
    },
    Object {
      "count": 1,
      "reportType": "suggestion",
      "suggestion": "remise solde de tout compte",
      "weight": 4.34,
    },
    Object {
      "count": 1,
      "reportType": "suggestion",
      "suggestion": "délai de paiement du solde de tout compte",
      "weight": 4.34,
    },
    Object {
      "count": 1,
      "reportType": "suggestion",
      "suggestion": "salaire",
      "weight": 4.34,
    },
    Object {
      "count": 1,
      "reportType": "suggestion",
      "suggestion": "rémunération activité partielle",
      "weight": 4.34,
    },
    Object {
      "count": 1,
      "reportType": "suggestion",
      "suggestion": "activité partielle et réduction des heures de travail",
      "weight": 4.34,
    },
    Object {
      "count": 1,
      "reportType": "suggestion",
      "suggestion": "la rupture conventionnelle collective diffère-t-elle des plans de départs volontaires autonomes",
      "weight": 4.34,
    },
    Object {
      "count": 1,
      "reportType": "suggestion",
      "suggestion": "fin de cdd rupture anticipée salarié",
      "weight": 4.34,
    },
    Object {
      "count": 1,
      "reportType": "suggestion",
      "suggestion": "retraite",
      "weight": 4.34,
    },
    Object {
      "count": 1,
      "reportType": "suggestion",
      "suggestion": "rupture de période d'essai",
      "weight": 4.34,
    },
    Object {
      "count": 1,
      "reportType": "suggestion",
      "suggestion": "indemnités frais de repas",
      "weight": 4.34,
    },
    Object {
      "count": 1,
      "reportType": "suggestion",
      "suggestion": "négociation d'un accord collectif dans une entreprise sans délégué syndical",
      "weight": 4.34,
    },
    Object {
      "count": 1,
      "reportType": "suggestion",
      "suggestion": "transfert de contrat",
      "weight": 4.34,
    },
    Object {
      "count": 1,
      "reportType": "suggestion",
      "suggestion": "élections cse",
      "weight": 4.34,
    },
    Object {
      "count": 1,
      "reportType": "suggestion",
      "suggestion": "transfert d'entreprise",
      "weight": 4.34,
    },
    Object {
      "count": 1,
      "reportType": "suggestion",
      "suggestion": "congé pour décès grand parent",
      "weight": 4.34,
    },
    Object {
      "count": 1,
      "reportType": "suggestion",
      "suggestion": "différence entre invalidité et inaptitude",
      "weight": 4.34,
    },
    Object {
      "count": 1,
      "reportType": "suggestion",
      "suggestion": "document unique d'évaluation des risques",
      "weight": 4.34,
    },
    Object {
      "count": 1,
      "reportType": "suggestion",
      "suggestion": "congés payés et fractionnement",
      "weight": 4.34,
    },
    Object {
      "count": 1,
      "reportType": "suggestion",
      "suggestion": "congés d'ancienneté",
      "weight": 4.34,
    },
    Object {
      "count": 1,
      "reportType": "suggestion",
      "suggestion": "prévoyance",
      "weight": 4.34,
    },
    Object {
      "count": 1,
      "reportType": "suggestion",
      "suggestion": "plan d'épargne salariale",
      "weight": 4.34,
    },
    Object {
      "count": 1,
      "reportType": "suggestion",
      "suggestion": "indemnité licenciement",
      "weight": 4.34,
    },
    Object {
      "count": 1,
      "reportType": "suggestion",
      "suggestion": "travailler le dimanche",
      "weight": 4.34,
    },
    Object {
      "count": 1,
      "reportType": "suggestion",
      "suggestion": "congés imposés par l' employeur",
      "weight": 4.34,
    },
    Object {
      "count": 1,
      "reportType": "suggestion",
      "suggestion": "calcul d'effectif et obligation d'organisation des élections du cse",
      "weight": 4.34,
    },
    Object {
      "count": 1,
      "reportType": "suggestion",
      "suggestion": "préavis démission congés payés imposés",
      "weight": 4.34,
    },
    Object {
      "count": 1,
      "reportType": "suggestion",
      "suggestion": "préavis cdd",
      "weight": 4.34,
    },
    Object {
      "count": 1,
      "reportType": "suggestion",
      "suggestion": "préavis rupture conventionnelle",
      "weight": 4.34,
    },
    Object {
      "count": 1,
      "reportType": "suggestion",
      "suggestion": "invalidité et suivi médical",
      "weight": 4.34,
    },
    Object {
      "count": 1,
      "reportType": "suggestion",
      "suggestion": "accident du travail",
      "weight": 4.34,
    },
    Object {
      "count": 1,
      "reportType": "suggestion",
      "suggestion": "préavis et congés payés",
      "weight": 4.34,
    },
    Object {
      "count": 1,
      "reportType": "suggestion",
      "suggestion": "avenant au contrat de travail",
      "weight": 4.34,
    },
    Object {
      "count": 1,
      "reportType": "suggestion",
      "suggestion": "date paiement salaire",
      "weight": 4.34,
    },
    Object {
      "count": 1,
      "reportType": "suggestion",
      "suggestion": "1er mai",
      "weight": 4.34,
    },
    Object {
      "count": 1,
      "reportType": "suggestion",
      "suggestion": "compte personnel de formation",
      "weight": 4.34,
    },
    Object {
      "count": 1,
      "reportType": "suggestion",
      "suggestion": "code du travail",
      "weight": 4.34,
    },
    Object {
      "count": 1,
      "reportType": "suggestion",
      "suggestion": "relevé d'heures de travail",
      "weight": 4.34,
    },
    Object {
      "count": 1,
      "reportType": "suggestion",
      "suggestion": "congés payés et congé parental d'éducation",
      "weight": 4.34,
    },
    Object {
      "count": 1,
      "reportType": "suggestion",
      "suggestion": "heures de recherche d'emploi",
      "weight": 4.34,
    },
    Object {
      "count": 1,
      "reportType": "suggestion",
      "suggestion": "préavis de départ à la retraite",
      "weight": 4.34,
    },
    Object {
      "count": 1,
      "reportType": "suggestion",
      "suggestion": "suivi médical des travailleurs exposé à des agents biologiques de catégorie 2",
      "weight": 4.34,
    },
    Object {
      "count": 1,
      "reportType": "suggestion",
      "suggestion": "règle du maintien de salaire",
      "weight": 4.34,
    },
    Object {
      "count": 1,
      "reportType": "suggestion",
      "suggestion": "solde de tout compte",
      "weight": 4.34,
    },
    Object {
      "count": 1,
      "reportType": "suggestion",
      "suggestion": "calcul solde de tout compte",
      "weight": 4.34,
    },
    Object {
      "count": 1,
      "reportType": "suggestion",
      "suggestion": "calcul solde de tout compte et primes",
      "weight": 4.34,
    },
    Object {
      "count": 1,
      "reportType": "suggestion",
      "suggestion": "priorité recrutement interne code du travail",
      "weight": 4.34,
    },
    Object {
      "count": 1,
      "reportType": "suggestion",
      "suggestion": "congé maternité",
      "weight": 4.34,
    },
    Object {
      "count": 1,
      "reportType": "suggestion",
      "suggestion": "régime d'équivalence et temps de travail effectif",
      "weight": 4.34,
    },
    Object {
      "count": 1,
      "reportType": "suggestion",
      "suggestion": "fonction publique hospitalière et indemnités",
      "weight": 4.34,
    },
    Object {
      "count": 1,
      "reportType": "suggestion",
      "suggestion": "quels sont les éléments constitutifs d'un contrat de travail ?",
      "weight": 4.34,
    },
    Object {
      "count": 1,
      "reportType": "suggestion",
      "suggestion": "décompte heures supplémentaires",
      "weight": 4.34,
    },
    Object {
      "count": 1,
      "reportType": "suggestion",
      "suggestion": "prime de départ à la retraite",
      "weight": 4.34,
    },
    Object {
      "count": 1,
      "reportType": "suggestion",
      "suggestion": "reports de congés payés",
      "weight": 4.34,
    },
    Object {
      "count": 1,
      "reportType": "suggestion",
      "suggestion": "licenciement économique individuel obligations",
      "weight": 4.34,
    },
    Object {
      "count": 1,
      "reportType": "suggestion",
      "suggestion": "licenciement économique procédure",
      "weight": 4.34,
    },
    Object {
      "count": 1,
      "reportType": "suggestion",
      "suggestion": "comment calculer le montant de l'indemnité de licenciement",
      "weight": 4.34,
    },
    Object {
      "count": 1,
      "reportType": "suggestion",
      "suggestion": "départ volontaire à la retraite",
      "weight": 4.34,
    },
    Object {
      "count": 1,
      "reportType": "suggestion",
      "suggestion": "qui a droit à la prime d'ancienneté ?",
      "weight": 4.34,
    },
    Object {
      "count": 1,
      "reportType": "suggestion",
      "suggestion": "rôle service de santé au travail",
      "weight": 4.34,
    },
    Object {
      "count": 1,
      "reportType": "suggestion",
      "suggestion": "jour férié",
      "weight": 4.34,
    },
    Object {
      "count": 1,
      "reportType": "suggestion",
      "suggestion": "comment calculer l'indemnité compensatrice de préavis ?",
      "weight": 4.34,
    },
    Object {
      "count": 1,
      "reportType": "suggestion",
      "suggestion": "comment calculer les indemnités de départ à la retraite ?",
      "weight": 4.34,
    },
    Object {
      "count": 1,
      "reportType": "suggestion",
      "suggestion": "prime d'ancienneté",
      "weight": 4.34,
    },
    Object {
      "count": 1,
      "reportType": "suggestion",
      "suggestion": "prime macron",
      "weight": 4.34,
    },
    Object {
      "count": 1,
      "reportType": "suggestion",
      "suggestion": "comment décompter les congés payés en jours ouvrables ?",
      "weight": 4.34,
    },
    Object {
      "count": 1,
      "reportType": "suggestion",
      "suggestion": "détachement d'un salarié dans une filiale",
      "weight": 4.34,
    },
    Object {
      "count": 1,
      "reportType": "suggestion",
      "suggestion": "missions du cse",
      "weight": 4.34,
    },
    Object {
      "count": 1,
      "reportType": "suggestion",
      "suggestion": "ai je droit à une indemnité de trajet lorsque je prend mon véhicule personnel pour me rendre sur mon lieu de travail ?",
      "weight": 4.34,
    },
    Object {
      "count": 1,
      "reportType": "suggestion",
      "suggestion": "cdi",
      "weight": 4.34,
    },
    Object {
      "count": 1,
      "reportType": "suggestion",
      "suggestion": "arrêt de travail",
      "weight": 4.34,
    },
    Object {
      "count": 1,
      "reportType": "suggestion",
      "suggestion": "rupture de contrat de professionnalisation",
      "weight": 4.34,
    },
    Object {
      "count": 1,
      "reportType": "suggestion",
      "suggestion": "congés payés et temps partiel",
      "weight": 4.34,
    },
    Object {
      "count": 1,
      "reportType": "suggestion",
      "suggestion": "rupture amiable du contrat de travail",
      "weight": 4.34,
    },
    Object {
      "count": 1,
      "reportType": "suggestion",
      "suggestion": "un salarié peut-il refuser de travailler dans une situation dangereuse ?",
      "weight": 4.34,
    },
    Object {
      "count": 1,
      "reportType": "suggestion",
      "suggestion": "refuser mutuelle santé obligatoire?",
      "weight": 4.34,
    },
    Object {
      "count": 1,
      "reportType": "suggestion",
      "suggestion": "calcul des congés payés et maladie",
      "weight": 4.34,
    },
    Object {
      "count": 1,
      "reportType": "suggestion",
      "suggestion": "parcours emploi compétences obligations",
      "weight": 4.34,
    },
    Object {
      "count": 1,
      "reportType": "suggestion",
      "suggestion": "composition cse central",
      "weight": 4.34,
    },
    Object {
      "count": 1,
      "reportType": "suggestion",
      "suggestion": "visite médicale travail",
      "weight": 4.34,
    },
    Object {
      "count": 1,
      "reportType": "suggestion",
      "suggestion": "visites médicales obligations de l'employeur",
      "weight": 4.34,
    },
    Object {
      "count": 1,
      "reportType": "suggestion",
      "suggestion": "licenciement abusif",
      "weight": 4.34,
    },
    Object {
      "count": 1,
      "reportType": "suggestion",
      "suggestion": "durée de préavis pour démission",
      "weight": 4.34,
    },
    Object {
      "count": 1,
      "reportType": "suggestion",
      "suggestion": "rupture du contrat de travail",
      "weight": 4.34,
    },
    Object {
      "count": 1,
      "reportType": "suggestion",
      "suggestion": "visites médicales périodiques",
      "weight": 4.34,
    },
    Object {
      "count": 1,
      "reportType": "suggestion",
      "suggestion": "astreinte et temps de travail effectif",
      "weight": 4.34,
    },
    Object {
      "count": 1,
      "reportType": "suggestion",
      "suggestion": "quelle est la majoration des heures de nuit ?",
      "weight": 4.34,
    },
    Object {
      "count": 1,
      "reportType": "suggestion",
      "suggestion": "durée du préavis",
      "weight": 4.34,
    },
    Object {
      "count": 1,
      "reportType": "suggestion",
      "suggestion": "préavis et grève",
      "weight": 4.34,
    },
    Object {
      "count": 1,
      "reportType": "suggestion",
      "suggestion": "démission sans préavis",
      "weight": 4.34,
    },
    Object {
      "count": 1,
      "reportType": "suggestion",
      "suggestion": "mise à pied délégué syndical",
      "weight": 4.34,
    },
    Object {
      "count": 1,
      "reportType": "suggestion",
      "suggestion": "temps de travail et durée légale",
      "weight": 4.34,
    },
    Object {
      "count": 1,
      "reportType": "suggestion",
      "suggestion": "je travaille dans un magasin. est ce normal que je sois seule ?",
      "weight": 4.34,
    },
    Object {
      "count": 1,
      "reportType": "suggestion",
      "suggestion": "arrêt de travail indemnisation",
      "weight": 4.34,
    },
    Object {
      "count": 1,
      "reportType": "suggestion",
      "suggestion": "quelles sont les indemnités de rupture conventionnelle?",
      "weight": 4.34,
    },
    Object {
      "count": 1,
      "reportType": "suggestion",
      "suggestion": "négociation accord d'entreprise",
      "weight": 4.34,
    },
    Object {
      "count": 1,
      "reportType": "suggestion",
      "suggestion": "dimension bureau de travail",
      "weight": 4.34,
    },
    Object {
      "count": 1,
      "reportType": "suggestion",
      "suggestion": "quelle est la procédure à respecter par le salarié qui souhaite demander un congé sabbatique ?",
      "weight": 4.34,
    },
    Object {
      "count": 1,
      "reportType": "suggestion",
      "suggestion": "requalification en salarié",
      "weight": 4.34,
    },
    Object {
      "count": 1,
      "reportType": "suggestion",
      "suggestion": "quels sont les motifs de licenciement",
      "weight": 4.34,
    },
    Object {
      "count": 1,
      "reportType": "suggestion",
      "suggestion": "vidéosurveillance",
      "weight": 4.34,
    },
    Object {
      "count": 1,
      "reportType": "suggestion",
      "suggestion": "préavis licenciement",
      "weight": 4.34,
    },
    Object {
      "count": 1,
      "reportType": "suggestion",
      "suggestion": "indemnités",
      "weight": 4.34,
    },
    Object {
      "count": 1,
      "reportType": "suggestion",
      "suggestion": "la période d'activité partielle est-elle prise en compte pour le calcul des congés payés ?",
      "weight": 4.34,
    },
    Object {
      "count": 1,
      "reportType": "suggestion",
      "suggestion": "repos compensateur de nuit code du travail",
      "weight": 4.34,
    },
    Object {
      "count": 1,
      "reportType": "suggestion",
      "suggestion": "visite médicale et autorisation de conduite",
      "weight": 4.34,
    },
    Object {
      "count": 1,
      "reportType": "suggestion",
      "suggestion": "heures formation cpf",
      "weight": 4.34,
    },
    Object {
      "count": 1,
      "reportType": "suggestion",
      "suggestion": "modèle lettre démission cdi",
      "weight": 4.34,
    },
    Object {
      "count": 1,
      "reportType": "suggestion",
      "suggestion": "modèle lettre de démission simple",
      "weight": 4.34,
    },
    Object {
      "count": 1,
      "reportType": "suggestion",
      "suggestion": "rupture période essai",
      "weight": 4.34,
    },
    Object {
      "count": 1,
      "reportType": "suggestion",
      "suggestion": "délégué syndical",
      "weight": 4.34,
    },
    Object {
      "count": 1,
      "reportType": "suggestion",
      "suggestion": "obligation de sécurité",
      "weight": 4.34,
    },
    Object {
      "count": 1,
      "reportType": "suggestion",
      "suggestion": "le paiement des heures supplémentaires",
      "weight": 4.34,
    },
    Object {
      "count": 1,
      "reportType": "suggestion",
      "suggestion": "comment sont calculés les heures supplémentaires",
      "weight": 4.34,
    },
    Object {
      "count": 1,
      "reportType": "suggestion",
      "suggestion": "femme enceinte travail",
      "weight": 4.34,
    },
    Object {
      "count": 1,
      "reportType": "suggestion",
      "suggestion": "modèle de lettre de licenciement pour motif personnel",
      "weight": 4.34,
    },
    Object {
      "count": 1,
      "reportType": "suggestion",
      "suggestion": "lettre de licenciement",
      "weight": 4.34,
    },
    Object {
      "count": 1,
      "reportType": "suggestion",
      "suggestion": "démission pour suivi de conjoint",
      "weight": 4.34,
    },
    Object {
      "count": 1,
      "reportType": "suggestion",
      "suggestion": "suivre mon conjoint",
      "weight": 4.34,
    },
    Object {
      "count": 1,
      "reportType": "suggestion",
      "suggestion": "chômage après démission",
      "weight": 4.34,
    },
    Object {
      "count": 1,
      "reportType": "suggestion",
      "suggestion": "droit au chômage",
      "weight": 4.34,
    },
    Object {
      "count": 1,
      "reportType": "suggestion",
      "suggestion": "préavis et travailleurs handicapés",
      "weight": 4.34,
    },
    Object {
      "count": 1,
      "reportType": "suggestion",
      "suggestion": "demander une visite auprès du médecin du travail",
      "weight": 4.34,
    },
    Object {
      "count": 1,
      "reportType": "suggestion",
      "suggestion": "horaires individualisés",
      "weight": 4.34,
    },
    Object {
      "count": 1,
      "reportType": "suggestion",
      "suggestion": "affichage obligatoire",
      "weight": 4.34,
    },
    Object {
      "count": 1,
      "reportType": "suggestion",
      "suggestion": "bulletin de salaire",
      "weight": 4.34,
    },
    Object {
      "count": 1,
      "reportType": "suggestion",
      "suggestion": "local aveugle réglementation",
      "weight": 4.34,
    },
    Object {
      "count": 1,
      "reportType": "suggestion",
      "suggestion": "combien de jours de congés en cas de décès d'un proche ?",
      "weight": 4.34,
    },
    Object {
      "count": 1,
      "reportType": "suggestion",
      "suggestion": "quelle température pour travailler dans un bureau ?",
      "weight": 4.34,
    },
    Object {
      "count": 1,
      "reportType": "suggestion",
      "suggestion": "arrêt maladie et rupture conventionnelle",
      "weight": 4.34,
    },
    Object {
      "count": 1,
      "reportType": "suggestion",
      "suggestion": "durée de la période d'essai et cdd",
      "weight": 4.34,
    },
    Object {
      "count": 1,
      "reportType": "suggestion",
      "suggestion": "indemnité de précarité",
      "weight": 4.34,
    },
    Object {
      "count": 1,
      "reportType": "suggestion",
      "suggestion": "faute grave",
      "weight": 4.34,
    },
    Object {
      "count": 1,
      "reportType": "suggestion",
      "suggestion": "motifs cdd",
      "weight": 4.34,
    },
    Object {
      "count": 1,
      "reportType": "suggestion",
      "suggestion": "mise à pied disciplinaire et arrêt maladie",
      "weight": 4.34,
    },
    Object {
      "count": 1,
      "reportType": "suggestion",
      "suggestion": "prime exceptionnelle",
      "weight": 4.34,
    },
    Object {
      "count": 1,
      "reportType": "suggestion",
      "suggestion": "tickets restaurants",
      "weight": 4.34,
    },
    Object {
      "count": 1,
      "reportType": "suggestion",
      "suggestion": "durée du travail et temps de pause",
      "weight": 4.34,
    },
    Object {
      "count": 1,
      "reportType": "suggestion",
      "suggestion": "temps de pause et travail effectif",
      "weight": 4.34,
    },
    Object {
      "count": 1,
      "reportType": "suggestion",
      "suggestion": "fiche de paie",
      "weight": 4.34,
    },
    Object {
      "count": 1,
      "reportType": "suggestion",
      "suggestion": "ai-je droit à l'indemnité de précarité si mon cdd se transforme en cdi ?",
      "weight": 4.34,
    },
    Object {
      "count": 1,
      "reportType": "suggestion",
      "suggestion": "pec",
      "weight": 4.34,
    },
    Object {
      "count": 1,
      "reportType": "suggestion",
      "suggestion": "fin de contrat cdd congés payés",
      "weight": 4.34,
    },
    Object {
      "count": 1,
      "reportType": "suggestion",
      "suggestion": "comment sont payés les congés payés en fin de contrat ?",
      "weight": 4.34,
    },
    Object {
      "count": 1,
      "reportType": "suggestion",
      "suggestion": "cdd usage",
      "weight": 4.34,
    },
    Object {
      "count": 1,
      "reportType": "suggestion",
      "suggestion": "absence maladie",
      "weight": 4.34,
    },
    Object {
      "count": 1,
      "reportType": "suggestion",
      "suggestion": "travailleur de nuit",
      "weight": 4.34,
    },
    Object {
      "count": 1,
      "reportType": "suggestion",
      "suggestion": "bulletin de paie",
      "weight": 4.34,
    },
    Object {
      "count": 1,
      "reportType": "suggestion",
      "suggestion": "promesse d'embauche",
      "weight": 4.34,
    },
    Object {
      "count": 1,
      "reportType": "suggestion",
      "suggestion": "rompre la promesse d'embauche",
      "weight": 4.34,
    },
    Object {
      "count": 1,
      "reportType": "suggestion",
      "suggestion": "arrêt maladie longue durée",
      "weight": 4.34,
    },
    Object {
      "count": 1,
      "reportType": "suggestion",
      "suggestion": "congé enfant malade",
      "weight": 4.34,
    },
    Object {
      "count": 1,
      "reportType": "suggestion",
      "suggestion": "abandon de poste cdi",
      "weight": 4.34,
    },
    Object {
      "count": 1,
      "reportType": "suggestion",
      "suggestion": "départ à la retraite anticipée",
      "weight": 4.34,
    },
    Object {
      "count": 1,
      "reportType": "suggestion",
      "suggestion": "congés payés décompte en semaines",
      "weight": 4.34,
    },
    Object {
      "count": 1,
      "reportType": "suggestion",
      "suggestion": "jours fériés travaillés récupération",
      "weight": 4.34,
    },
    Object {
      "count": 1,
      "reportType": "suggestion",
      "suggestion": "qu'est ce qu'un cdd",
      "weight": 4.34,
    },
    Object {
      "count": 1,
      "reportType": "suggestion",
      "suggestion": "congé parental d'éducation",
      "weight": 4.34,
    },
    Object {
      "count": 1,
      "reportType": "suggestion",
      "suggestion": "accident du travail et visite de reprise",
      "weight": 4.34,
    },
    Object {
      "count": 1,
      "reportType": "suggestion",
      "suggestion": "préavis et prise d'acte de rupture",
      "weight": 4.34,
    },
    Object {
      "count": 1,
      "reportType": "suggestion",
      "suggestion": "chèques vacances",
      "weight": 4.34,
    },
    Object {
      "count": 1,
      "reportType": "suggestion",
      "suggestion": "licenciement pour inaptitude salarié protégé",
      "weight": 4.34,
    },
    Object {
      "count": 1,
      "reportType": "suggestion",
      "suggestion": "cumuler deux emplois",
      "weight": 4.34,
    },
    Object {
      "count": 1,
      "reportType": "suggestion",
      "suggestion": "formation professionnelle",
      "weight": 4.34,
    },
    Object {
      "count": 1,
      "reportType": "suggestion",
      "suggestion": "contenu d'un contrat de travail",
      "weight": 4.34,
    },
    Object {
      "count": 1,
      "reportType": "suggestion",
      "suggestion": "formation salarié obligation de l’employeur",
      "weight": 4.34,
    },
    Object {
      "count": 1,
      "reportType": "suggestion",
      "suggestion": "salarié protégé",
      "weight": 4.34,
    },
    Object {
      "count": 1,
      "reportType": "suggestion",
      "suggestion": "maladie pendant période d'essai",
      "weight": 4.34,
    },
    Object {
      "count": 1,
      "reportType": "suggestion",
      "suggestion": "chômage",
      "weight": 4.34,
    },
    Object {
      "count": 1,
      "reportType": "suggestion",
      "suggestion": "l'employeur a t il le droit d'imposer des congés payés",
      "weight": 4.34,
    },
    Object {
      "count": 1,
      "reportType": "suggestion",
      "suggestion": "indemnités congé payés",
      "weight": 4.34,
    },
    Object {
      "count": 1,
      "reportType": "suggestion",
      "suggestion": "mes droits à formation",
      "weight": 4.34,
    },
    Object {
      "count": 1,
      "reportType": "suggestion",
      "suggestion": "voile accepté recrutement",
      "weight": 4.34,
    },
    Object {
      "count": 1,
      "reportType": "suggestion",
      "suggestion": "calcul congé payé et accident du travail",
      "weight": 4.34,
    },
    Object {
      "count": 1,
      "reportType": "suggestion",
      "suggestion": "les avantages du travail le dimanche",
      "weight": 4.34,
    },
    Object {
      "count": 1,
      "reportType": "suggestion",
      "suggestion": "délai de carence indemnités journalières accident du travail",
      "weight": 4.34,
    },
    Object {
      "count": 1,
      "reportType": "suggestion",
      "suggestion": "démarches départ à la retraite",
      "weight": 4.34,
    },
    Object {
      "count": 1,
      "reportType": "suggestion",
      "suggestion": "qu'est ce qu'un accord collectif?",
      "weight": 4.34,
    },
    Object {
      "count": 1,
      "reportType": "suggestion",
      "suggestion": "convention collective de branche",
      "weight": 4.34,
    },
    Object {
      "count": 1,
      "reportType": "suggestion",
      "suggestion": "visite médicale d'embauche",
      "weight": 4.34,
    },
    Object {
      "count": 1,
      "reportType": "suggestion",
      "suggestion": "changement de lieu de travail",
      "weight": 4.34,
    },
    Object {
      "count": 1,
      "reportType": "suggestion",
      "suggestion": "clause de mobilité",
      "weight": 4.34,
    },
    Object {
      "count": 1,
      "reportType": "suggestion",
      "suggestion": "lettre licenciement",
      "weight": 4.34,
    },
    Object {
      "count": 1,
      "reportType": "suggestion",
      "suggestion": "fermeture de l'entreprise et congés payés",
      "weight": 4.34,
    },
    Object {
      "count": 1,
      "reportType": "suggestion",
      "suggestion": "je veux démissionner",
      "weight": 4.34,
    },
    Object {
      "count": 1,
      "reportType": "suggestion",
      "suggestion": "licenciement pour faute grave procédure",
      "weight": 4.34,
    },
    Object {
      "count": 1,
      "reportType": "suggestion",
      "suggestion": "surveillance des salariés par caméra",
      "weight": 4.34,
    },
    Object {
      "count": 1,
      "reportType": "suggestion",
      "suggestion": "promesse d'embauche et contrat de travail",
      "weight": 4.34,
    },
    Object {
      "count": 1,
      "reportType": "suggestion",
      "suggestion": "rupture de contrat en période d' essai",
      "weight": 4.34,
    },
    Object {
      "count": 1,
      "reportType": "suggestion",
      "suggestion": "comment calculer les congés payés ?",
      "weight": 4.34,
    },
    Object {
      "count": 1,
      "reportType": "suggestion",
      "suggestion": "quelles sont les nouvelles modalités de remboursement des frais de déplacement domicile-travail ?",
      "weight": 4.34,
    },
    Object {
      "count": 1,
      "reportType": "suggestion",
      "suggestion": "salarié protégé suppléant cse",
      "weight": 4.34,
    },
    Object {
      "count": 1,
      "reportType": "suggestion",
      "suggestion": "demande de renseignements",
      "weight": 4.34,
    },
    Object {
      "count": 1,
      "reportType": "suggestion",
      "suggestion": "dans quels cas peut-on embaucher sous contrat à durée déterminée ?",
      "weight": 4.34,
    },
    Object {
      "count": 1,
      "reportType": "suggestion",
      "suggestion": "démission pendant congé parental",
      "weight": 4.34,
    },
    Object {
      "count": 1,
      "reportType": "suggestion",
      "suggestion": "travailler pendant ses congés",
      "weight": 4.34,
    },
    Object {
      "count": 1,
      "reportType": "suggestion",
      "suggestion": "forfait jour",
      "weight": 4.34,
    },
    Object {
      "count": 1,
      "reportType": "suggestion",
      "suggestion": "quels sont les différents types de contrat de travail ?",
      "weight": 4.34,
    },
    Object {
      "count": 1,
      "reportType": "suggestion",
      "suggestion": "salarié protégé rupture conventionnelle",
      "weight": 4.34,
    },
    Object {
      "count": 1,
      "reportType": "suggestion",
      "suggestion": "préavis cdi",
      "weight": 4.34,
    },
    Object {
      "count": 1,
      "reportType": "suggestion",
      "suggestion": "risque chimique",
      "weight": 4.34,
    },
    Object {
      "count": 1,
      "reportType": "suggestion",
      "suggestion": "préavis de licenciement",
      "weight": 4.34,
    },
    Object {
      "count": 1,
      "reportType": "suggestion",
      "suggestion": "indemnités rupture conventionnelle",
      "weight": 4.34,
    },
    Object {
      "count": 1,
      "reportType": "suggestion",
      "suggestion": "accident du travail et maintien de salaire",
      "weight": 4.34,
    },
    Object {
      "count": 1,
      "reportType": "suggestion",
      "suggestion": "contrat cdd",
      "weight": 4.34,
    },
    Object {
      "SelectRelatedCount": 0,
      "longVisitsNb": 12690,
      "longVisitsRatio": 0.1341430131004367,
      "nbVisitsAnalyzed": 14656,
      "reportId": 42,
      "reportType": "metrics",
      "shortVisitsNb": 1966,
      "visitorSelectedRelatedRatio": 0,
      "visitorWasRedirected": 0,
    },
    Object {
      "SumvisitsThisMonth": undefined,
      "currentMonthDate": "2020-9",
      "dailyVisits": "[{\\"day\\":\\"05/02/20\\",\\"nbUniqueVisits\\":4082},{\\"day\\":\\"05/03/20\\",\\"nbUniqueVisits\\":4418},{\\"day\\":\\"05/01/20\\",\\"nbUniqueVisits\\":4188},{\\"day\\":\\"05/04/20\\",\\"nbUniqueVisits\\":1968}]",
      "maxDailyVisitsThisMonth": Object {
        "day": "05/03/20",
        "nbUniqueVisits": 4418,
      },
      "monthlyVisits": "[{\\"month\\":\\"2020-5\\",\\"nbUniqueVisits\\":14656}]",
      "reportId": 42,
      "weeklyVisits": "[{\\"nbUniqueVisits\\":8270,\\"weekMonday\\":\\"04/27/20\\"},{\\"nbUniqueVisits\\":6386,\\"weekMonday\\":\\"05/04/20\\"}]",
    },
  ],
]
`;
